src/db.ts(3,22): error TS2307: Cannot find module './entities/User.entity' or its corresponding type declarations.
src/db.ts(4,25): error TS2307: Cannot find module './entities/Session.entity' or its corresponding type declarations.
src/db.ts(5,26): error TS2307: Cannot find module './entities/Property.entity' or its corresponding type declarations.
src/db.ts(6,33): error TS2307: Cannot find module './entities/LoanApplication.entity' or its corresponding type declarations.
src/db.ts(7,33): error TS2307: Cannot find module './entities/PropertyListing.entity' or its corresponding type declarations.
src/db.ts(8,35): error TS2307: Cannot find module './entities/PropertyWatchlist.entity' or its corresponding type declarations.
src/db.ts(9,31): error TS2307: Cannot find module './entities/PropertyOffer.entity' or its corresponding type declarations.
src/db.ts(10,31): error TS2307: Cannot find module './entities/PropertyAlert.entity' or its corresponding type declarations.
src/replitAuth.ts(7,21): error TS2307: Cannot find module 'memoizee' or its corresponding type declarations.
src/routes.ts(89,18): error TS18046: 'basicData' is of type 'unknown'.
src/routes.ts(104,26): error TS18046: 'assessmentData' is of type 'unknown'.
src/routes.ts(118,19): error TS18046: 'avmData' is of type 'unknown'.
src/routes.ts(228,23): error TS18046: 'valueData' is of type 'unknown'.
src/routes.ts(229,18): error TS18046: 'valueData' is of type 'unknown'.
src/routes.ts(230,19): error TS18046: 'valueData' is of type 'unknown'.
src/routes.ts(231,19): error TS18046: 'valueData' is of type 'unknown'.
src/routes.ts(240,22): error TS18046: 'rentData' is of type 'unknown'.
src/routes.ts(241,17): error TS18046: 'rentData' is of type 'unknown'.
src/routes.ts(242,18): error TS18046: 'rentData' is of type 'unknown'.
src/routes.ts(243,19): error TS18046: 'rentData' is of type 'unknown'.
src/vite.ts(2,64): error TS2307: Cannot find module 'vite' or its corresponding type declarations.
src/vite.ts(4,24): error TS2307: Cannot find module '../vite.config' or its corresponding type declarations.
src/vite.ts(7,24): error TS2307: Cannot find module 'nanoid' or its corresponding type declarations.
src/vite.ts(23,15): error TS7006: Parameter 'msg' implicitly has an 'any' type.
src/vite.ts(23,20): error TS7006: Parameter 'options' implicitly has an 'any' type.
