src/services/ai.service.ts(49,53): error TS1005: ',' expected.
src/services/ai.service.ts(49,76): error TS1005: ',' expected.
src/services/ai.service.ts(49,96): error TS1443: Module declaration names may only use ' or " quoted strings.
